// Jest Snapshot v1, https://goo.gl/fbAQLP

exports[`should render ExpenseListItem with an expense 1`] = `
<div>
  <p>
    <strong>
      Description:
    </strong>
     
    <Link
      replace={false}
      to="/edit/2"
    >
      Rent
    </Link>
  </p>
  <p>
    <strong>
      Amount:
    </strong>
    $ 1,095.00
  </p>
  <p>
    <strong>
      Created At:
    </strong>
    December 27th, 1969
  </p>
  <p>
    <strong>
      Note:
    </strong>
     
  </p>
  <hr />
</div>
`;
